{
  "findings": [
    {
      "category": "violation",
      "file": "src/components/actions.tsx",
      "line": 77,
      "message": "Native select conflicts with recorded Select/Listbox ownership: authored.",
      "remediation": "Record Select/Listbox as native or reuse the authored canonical owner.",
      "ruleId": "ownership.native-select-conflict",
      "severity": "error"
    },
    {
      "category": "violation",
      "file": "src/components/hub.tsx",
      "line": 390,
      "message": "Native select conflicts with recorded Select/Listbox ownership: authored.",
      "remediation": "Record Select/Listbox as native or reuse the authored canonical owner.",
      "ruleId": "ownership.native-select-conflict",
      "severity": "error"
    },
    {
      "category": "violation",
      "file": "src/components/investigation.tsx",
      "line": 132,
      "message": "Native select conflicts with recorded Select/Listbox ownership: authored.",
      "remediation": "Record Select/Listbox as native or reuse the authored canonical owner.",
      "ruleId": "ownership.native-select-conflict",
      "severity": "error"
    },
    {
      "category": "violation",
      "file": "src/components/overview.tsx",
      "line": 75,
      "message": "Native select conflicts with recorded Select/Listbox ownership: authored.",
      "remediation": "Record Select/Listbox as native or reuse the authored canonical owner.",
      "ruleId": "ownership.native-select-conflict",
      "severity": "error"
    },
    {
      "category": "violation",
      "file": "src/components/problems.tsx",
      "line": 109,
      "message": "Native select conflicts with recorded Select/Listbox ownership: authored.",
      "remediation": "Record Select/Listbox as native or reuse the authored canonical owner.",
      "ruleId": "ownership.native-select-conflict",
      "severity": "error"
    },
    {
      "category": "violation",
      "file": "src/components/ui.tsx",
      "line": 293,
      "message": "Native select conflicts with recorded Select/Listbox ownership: authored.",
      "remediation": "Record Select/Listbox as native or reuse the authored canonical owner.",
      "ruleId": "ownership.native-select-conflict",
      "severity": "error"
    }
  ],
  "mode": "strict",
  "projectRoot": "/Users/acit/Documents/MyWork/CALIBER_Codex_Handoff/app",
  "schemaVersion": 1,
  "summary": {
    "errors": 6,
    "total": 6,
    "unresolved": 0,
    "violations": 6,
    "warnings": 0
  }
}
