
> caliber-decision-hub@1.0.0 prebuild
> npm run prepare:runtime


> caliber-decision-hub@1.0.0 prepare:runtime
> node scripts/prepare-runtime.mjs

Prepared server-only runtime: 22 verified originals and hash-verified workbook excerpts; no environment files copied.

> caliber-decision-hub@1.0.0 build
> next build

▲ Next.js 16.3.8 (Turbopack)
- Environments: .env.local
  Downloading swc package @next/swc-darwin-arm64... to /Users/acit/Library/Caches/next-swc
✓ Running next.config.ts took 6.6s

  Creating an optimized production build ...
✓ Compiled successfully in 433ms
  Running TypeScript ...
  Finished TypeScript in 1367ms ...
  Collecting page data using 7 workers ...
  Generating static pages using 7 workers (0/9) ...
  Generating static pages using 7 workers (2/9) 
  Generating static pages using 7 workers (4/9) 
  Generating static pages using 7 workers (6/9) 
✓ Generating static pages using 7 workers (9/9) in 153ms
  Finalizing page optimization ...

Route (app)
┌ ○ /
├ ○ /_not-found
├ ƒ /api/analyze
├ ƒ /api/case
├ ƒ /api/demo-session
├ ƒ /api/episodes
├ ƒ /api/source
└ ƒ /api/status


○  (Static)   prerendered as static content
ƒ  (Dynamic)  server-rendered on demand

