{
  "findings": [
    {
      "severity": "warning",
      "path": "components.button.minHeight",
      "message": "'minHeight' is not a recognized component sub-token. Valid sub-tokens: backgroundColor, textColor, typography, rounded, padding, size, height, width.",
      "rule": "broken-ref"
    },
    {
      "severity": "warning",
      "path": "components.card.borderWidth",
      "message": "'borderWidth' is not a recognized component sub-token. Valid sub-tokens: backgroundColor, textColor, typography, rounded, padding, size, height, width.",
      "rule": "broken-ref"
    },
    {
      "severity": "warning",
      "path": "components.dialog.maxWidth",
      "message": "'maxWidth' is not a recognized component sub-token. Valid sub-tokens: backgroundColor, textColor, typography, rounded, padding, size, height, width.",
      "rule": "broken-ref"
    },
    {
      "severity": "warning",
      "path": "colors.navy",
      "message": "'navy' is defined but never referenced by any component.",
      "rule": "orphaned-tokens"
    },
    {
      "severity": "warning",
      "path": "colors.canvas",
      "message": "'canvas' is defined but never referenced by any component.",
      "rule": "orphaned-tokens"
    },
    {
      "severity": "warning",
      "path": "colors.ink",
      "message": "'ink' is defined but never referenced by any component.",
      "rule": "orphaned-tokens"
    },
    {
      "severity": "warning",
      "path": "colors.muted",
      "message": "'muted' is defined but never referenced by any component.",
      "rule": "orphaned-tokens"
    },
    {
      "severity": "warning",
      "path": "colors.line",
      "message": "'line' is defined but never referenced by any component.",
      "rule": "orphaned-tokens"
    },
    {
      "severity": "warning",
      "path": "colors.primary-hover",
      "message": "'primary-hover' is defined but never referenced by any component.",
      "rule": "orphaned-tokens"
    },
    {
      "severity": "warning",
      "path": "colors.primary-soft",
      "message": "'primary-soft' is defined but never referenced by any component.",
      "rule": "orphaned-tokens"
    },
    {
      "severity": "warning",
      "path": "colors.primary-ink",
      "message": "'primary-ink' is defined but never referenced by any component.",
      "rule": "orphaned-tokens"
    },
    {
      "severity": "warning",
      "path": "colors.warning",
      "message": "'warning' is defined but never referenced by any component.",
      "rule": "orphaned-tokens"
    },
    {
      "severity": "warning",
      "path": "colors.warning-surface",
      "message": "'warning-surface' is defined but never referenced by any component.",
      "rule": "orphaned-tokens"
    },
    {
      "severity": "warning",
      "path": "colors.danger",
      "message": "'danger' is defined but never referenced by any component.",
      "rule": "orphaned-tokens"
    },
    {
      "severity": "warning",
      "path": "colors.danger-surface",
      "message": "'danger-surface' is defined but never referenced by any component.",
      "rule": "orphaned-tokens"
    },
    {
      "severity": "warning",
      "path": "colors.success",
      "message": "'success' is defined but never referenced by any component.",
      "rule": "orphaned-tokens"
    },
    {
      "severity": "warning",
      "path": "colors.success-surface",
      "message": "'success-surface' is defined but never referenced by any component.",
      "rule": "orphaned-tokens"
    },
    {
      "severity": "warning",
      "path": "colors.neutral-surface",
      "message": "'neutral-surface' is defined but never referenced by any component.",
      "rule": "orphaned-tokens"
    },
    {
      "severity": "warning",
      "path": "colors.neutral-ink",
      "message": "'neutral-ink' is defined but never referenced by any component.",
      "rule": "orphaned-tokens"
    },
    {
      "severity": "warning",
      "path": "colors.synthetic",
      "message": "'synthetic' is defined but never referenced by any component.",
      "rule": "orphaned-tokens"
    },
    {
      "severity": "warning",
      "path": "colors.synthetic-surface",
      "message": "'synthetic-surface' is defined but never referenced by any component.",
      "rule": "orphaned-tokens"
    },
    {
      "severity": "warning",
      "path": "colors.focus",
      "message": "'focus' is defined but never referenced by any component.",
      "rule": "orphaned-tokens"
    },
    {
      "severity": "warning",
      "path": "colors.control-border",
      "message": "'control-border' is defined but never referenced by any component.",
      "rule": "orphaned-tokens"
    },
    {
      "severity": "info",
      "message": "Design system defines 22 colors, 3 typography scales, 2 rounding levels, 2 spacing tokens, 3 components.",
      "rule": "token-summary"
    }
  ],
  "summary": {
    "errors": 0,
    "warnings": 23,
    "infos": 1
  }
}
